// Jest Snapshot v1, https://goo.gl/fbAQLP

exports[`DeprecatedProposalAuthor must match the diff snapshot between default vs custom avatar 1`] = `
Snapshot Diff:
Compared values have no visual difference.
`;
